org\una\tramites\dto\TramiteTipoDTO.class
org\una\tramites\controllers\NotaController.class
org\una\tramites\entities\Requisito.class
org\una\tramites\controllers\RequisitoPresentadoController.class
org\una\tramites\utils\MapperUtils.class
org\una\tramites\dto\RequisitoDTO.class
org\una\tramites\jwt\JwtProvider.class
org\una\tramites\dto\NotaDTO.class
org\una\tramites\controllers\ClienteController.class
org\una\tramites\dto\DepartamentoDTO.class
org\una\tramites\services\IPermisoOtorgadoService.class
org\una\tramites\controllers\DepartamentoController.class
org\una\tramites\services\VariacionServiceImplementation.class
org\una\tramites\entities\Variacion.class
org\una\tramites\services\TramiteRegistradoServiceImplementation.class
org\una\tramites\controllers\TransaccionController.class
org\una\tramites\dto\UsuarioDTO.class
org\una\tramites\entities\ParametroGeneral.class
org\una\tramites\jwt\JwtAuthenticationFilter.class
org\una\tramites\services\IRequisitoService.class
org\una\tramites\services\IDepartamentoService.class
org\una\tramites\services\ITransaccionService.class
org\una\tramites\entities\RequisitoPresentado.class
org\una\tramites\controllers\TramiteRegistradoController.class
org\una\tramites\services\IVariacionService.class
org\una\tramites\controllers\TramiteCambioEstadoController.class
org\una\tramites\entities\TramiteEstado.class
org\una\tramites\services\ArchivoRelacionadoServiceImplementation.class
org\una\tramites\services\TransaccionServiceImplementation.class
org\una\tramites\services\IPermisoService.class
org\una\tramites\entities\Transaccion.class
org\una\tramites\services\ParametroGeneralServiceImplementation.class
org\una\tramites\dto\ClienteDTO.class
org\una\tramites\dto\TramiteRegistradoDTO.class
org\una\tramites\services\NotaServiceImplementation.class
org\una\tramites\repositories\IArchivoRelacionadoRepository.class
org\una\tramites\dto\VariacionDTO.class
org\una\tramites\dto\RequisitoPresentadoDTO.class
org\una\tramites\services\ITramiteCambioEstadoService.class
org\una\tramites\SwaggerConfiguration.class
org\una\tramites\loaders\Permisos.class
org\una\tramites\dto\TramiteCambioEstadoDTO.class
org\una\tramites\entities\Permiso.class
org\una\tramites\entities\TramiteCambioEstado.class
org\una\tramites\controllers\PermisoOtorgadoController.class
org\una\tramites\entities\TramiteRegistrado.class
org\una\tramites\services\TramiteEstadoServiceImplementation.class
org\una\tramites\services\PermisoOtorgadoServiceImplementation.class
org\una\tramites\controllers\ArchivoRelacionadoController.class
org\una\tramites\SecurityConfiguration.class
org\una\tramites\repositories\IRequisitoRepository.class
org\una\tramites\repositories\ITransaccionRepository.class
org\una\tramites\repositories\IVariacionRepository.class
org\una\tramites\controllers\VariacionController.class
org\una\tramites\services\ITramiteTipoService.class
org\una\tramites\utils\ConversionLista.class
org\una\tramites\entities\Usuario.class
org\una\tramites\dto\AuthenticationRequest.class
org\una\tramites\controllers\RequisitoController.class
org\una\tramites\repositories\INotaRepository.class
org\una\tramites\services\IArchivoRelacionadoService.class
org\una\tramites\dto\TransaccionDTO.class
org\una\tramites\entities\TramiteTipo.class
org\una\tramites\repositories\ITramiteRegistradoRepository.class
org\una\tramites\services\AutenticacionLoginServiceImplementation.class
org\una\tramites\services\IRequisitoPresentadoService.class
org\una\tramites\services\ITramiteEstadoService.class
org\una\tramites\SwaggerConfiguration$1.class
org\una\tramites\controllers\PermisoController.class
org\una\tramites\repositories\IPermisoRepository.class
org\una\tramites\services\ClienteServiceImplementation.class
org\una\tramites\repositories\ITramiteTipoRepository.class
org\una\tramites\services\ITramiteRegistradoService.class
org\una\tramites\services\TramiteCambioEstadoServiceImplementation.class
org\una\tramites\jwt\JwtAuthenticationEntryPoint.class
org\una\tramites\services\UsuarioServiceImplementation.class
org\una\tramites\entities\PermisoOtorgado.class
org\una\tramites\services\RequisitoServiceImplementation.class
org\una\tramites\services\IParametroGeneralService.class
org\una\tramites\controllers\ParametroGeneralController.class
org\una\tramites\dto\ParametroGeneralDTO.class
org\una\tramites\repositories\IRequisitoPresentadoRepository.class
org\una\tramites\repositories\ITramiteEstadoRepository.class
org\una\tramites\dto\TramiteEstadoDTO.class
org\una\tramites\components\DataLoader.class
org\una\tramites\controllers\TramiteEstadoController.class
org\una\tramites\services\RequisitoPresentadoServiceImplementation.class
org\una\tramites\CustomAccessDeniedHandler.class
org\una\tramites\TramitesApplication.class
org\una\tramites\entities\Cliente.class
org\una\tramites\services\INotaService.class
org\una\tramites\controllers\AutenticacionLoginController.class
org\una\tramites\services\TramiteTipoServiceImplementation.class
org\una\tramites\services\PermisoServiceImplementation.class
org\una\tramites\dto\ArchivoRelacionadoDTO.class
org\una\tramites\entities\Nota.class
org\una\tramites\services\IUsuarioService.class
org\una\tramites\entities\ArchivoRelacionado.class
org\una\tramites\dto\PermisoOtorgadoDTO.class
org\una\tramites\repositories\ITramiteCambioEstadoRepository.class
org\una\tramites\repositories\IClienteRepository.class
org\una\tramites\repositories\IDepartamentoRepository.class
org\una\tramites\repositories\IParametroGeneralRepository.class
org\una\tramites\services\IAutenticacionLoginService.class
org\una\tramites\dto\AuthenticationResponse.class
org\una\tramites\controllers\UsuarioController.class
org\una\tramites\controllers\TramiteTipoController.class
org\una\tramites\services\DepartamentoServiceImplementation.class
org\una\tramites\services\IClienteService.class
org\una\tramites\dto\PermisoDTO.class
org\una\tramites\entities\Departamento.class
org\una\tramites\repositories\IPermisoOtorgadoRepository.class
org\una\tramites\repositories\IUsuarioRepository.class
