C:\Users\cfugu\Desktop\ProyectoClase\ProyectoClaseProgra3\api\tramites\src\main\java\org\una\tramites\dto\DepartamentoDTO.java
C:\Users\cfugu\Desktop\ProyectoClase\ProyectoClaseProgra3\api\tramites\src\main\java\org\una\tramites\services\ITramiteEstadoService.java
C:\Users\cfugu\Desktop\ProyectoClase\ProyectoClaseProgra3\api\tramites\src\main\java\org\una\tramites\services\ITransaccionService.java
C:\Users\cfugu\Desktop\ProyectoClase\ProyectoClaseProgra3\api\tramites\src\main\java\org\una\tramites\dto\ParametroGeneralDTO.java
C:\Users\cfugu\Desktop\ProyectoClase\ProyectoClaseProgra3\api\tramites\src\main\java\org\una\tramites\dto\AuthenticationResponse.java
C:\Users\cfugu\Desktop\ProyectoClase\ProyectoClaseProgra3\api\tramites\src\main\java\org\una\tramites\services\ITramiteCambioEstadoService.java
C:\Users\cfugu\Desktop\ProyectoClase\ProyectoClaseProgra3\api\tramites\src\main\java\org\una\tramites\services\IPermisoOtorgadoService.java
C:\Users\cfugu\Desktop\ProyectoClase\ProyectoClaseProgra3\api\tramites\src\main\java\org\una\tramites\components\DataLoader.java
C:\Users\cfugu\Desktop\ProyectoClase\ProyectoClaseProgra3\api\tramites\src\main\java\org\una\tramites\services\TramiteTipoServiceImplementation.java
C:\Users\cfugu\Desktop\ProyectoClase\ProyectoClaseProgra3\api\tramites\src\main\java\org\una\tramites\services\TramiteCambioEstadoServiceImplementation.java
C:\Users\cfugu\Desktop\ProyectoClase\ProyectoClaseProgra3\api\tramites\src\main\java\org\una\tramites\entities\Variacion.java
C:\Users\cfugu\Desktop\ProyectoClase\ProyectoClaseProgra3\api\tramites\src\main\java\org\una\tramites\services\INotaService.java
C:\Users\cfugu\Desktop\ProyectoClase\ProyectoClaseProgra3\api\tramites\src\main\java\org\una\tramites\utils\ConversionLista.java
C:\Users\cfugu\Desktop\ProyectoClase\ProyectoClaseProgra3\api\tramites\src\main\java\org\una\tramites\dto\PermisoDTO.java
C:\Users\cfugu\Desktop\ProyectoClase\ProyectoClaseProgra3\api\tramites\src\main\java\org\una\tramites\repositories\IPermisoOtorgadoRepository.java
C:\Users\cfugu\Desktop\ProyectoClase\ProyectoClaseProgra3\api\tramites\src\main\java\org\una\tramites\services\TramiteEstadoServiceImplementation.java
C:\Users\cfugu\Desktop\ProyectoClase\ProyectoClaseProgra3\api\tramites\src\main\java\org\una\tramites\entities\TramiteTipo.java
C:\Users\cfugu\Desktop\ProyectoClase\ProyectoClaseProgra3\api\tramites\src\main\java\org\una\tramites\dto\TramiteEstadoDTO.java
C:\Users\cfugu\Desktop\ProyectoClase\ProyectoClaseProgra3\api\tramites\src\main\java\org\una\tramites\dto\NotaDTO.java
C:\Users\cfugu\Desktop\ProyectoClase\ProyectoClaseProgra3\api\tramites\src\main\java\org\una\tramites\services\NotaServiceImplementation.java
C:\Users\cfugu\Desktop\ProyectoClase\ProyectoClaseProgra3\api\tramites\src\main\java\org\una\tramites\entities\TramiteEstado.java
C:\Users\cfugu\Desktop\ProyectoClase\ProyectoClaseProgra3\api\tramites\src\main\java\org\una\tramites\entities\ArchivoRelacionado.java
C:\Users\cfugu\Desktop\ProyectoClase\ProyectoClaseProgra3\api\tramites\src\main\java\org\una\tramites\entities\Transaccion.java
C:\Users\cfugu\Desktop\ProyectoClase\ProyectoClaseProgra3\api\tramites\src\main\java\org\una\tramites\services\IArchivoRelacionadoService.java
C:\Users\cfugu\Desktop\ProyectoClase\ProyectoClaseProgra3\api\tramites\src\main\java\org\una\tramites\entities\Cliente.java
C:\Users\cfugu\Desktop\ProyectoClase\ProyectoClaseProgra3\api\tramites\src\main\java\org\una\tramites\services\IPermisoService.java
C:\Users\cfugu\Desktop\ProyectoClase\ProyectoClaseProgra3\api\tramites\src\main\java\org\una\tramites\controllers\TramiteCambioEstadoController.java
C:\Users\cfugu\Desktop\ProyectoClase\ProyectoClaseProgra3\api\tramites\src\main\java\org\una\tramites\repositories\IVariacionRepository.java
C:\Users\cfugu\Desktop\ProyectoClase\ProyectoClaseProgra3\api\tramites\src\main\java\org\una\tramites\services\RequisitoPresentadoServiceImplementation.java
C:\Users\cfugu\Desktop\ProyectoClase\ProyectoClaseProgra3\api\tramites\src\main\java\org\una\tramites\entities\PermisoOtorgado.java
C:\Users\cfugu\Desktop\ProyectoClase\ProyectoClaseProgra3\api\tramites\src\main\java\org\una\tramites\services\IAutenticacionLoginService.java
C:\Users\cfugu\Desktop\ProyectoClase\ProyectoClaseProgra3\api\tramites\src\main\java\org\una\tramites\services\PermisoOtorgadoServiceImplementation.java
C:\Users\cfugu\Desktop\ProyectoClase\ProyectoClaseProgra3\api\tramites\src\main\java\org\una\tramites\dto\VariacionDTO.java
C:\Users\cfugu\Desktop\ProyectoClase\ProyectoClaseProgra3\api\tramites\src\main\java\org\una\tramites\services\IVariacionService.java
C:\Users\cfugu\Desktop\ProyectoClase\ProyectoClaseProgra3\api\tramites\src\main\java\org\una\tramites\services\IClienteService.java
C:\Users\cfugu\Desktop\ProyectoClase\ProyectoClaseProgra3\api\tramites\src\main\java\org\una\tramites\repositories\IRequisitoRepository.java
C:\Users\cfugu\Desktop\ProyectoClase\ProyectoClaseProgra3\api\tramites\src\main\java\org\una\tramites\services\IUsuarioService.java
C:\Users\cfugu\Desktop\ProyectoClase\ProyectoClaseProgra3\api\tramites\src\main\java\org\una\tramites\controllers\TramiteEstadoController.java
C:\Users\cfugu\Desktop\ProyectoClase\ProyectoClaseProgra3\api\tramites\src\main\java\org\una\tramites\repositories\ITramiteEstadoRepository.java
C:\Users\cfugu\Desktop\ProyectoClase\ProyectoClaseProgra3\api\tramites\src\main\java\org\una\tramites\jwt\JwtAuthenticationEntryPoint.java
C:\Users\cfugu\Desktop\ProyectoClase\ProyectoClaseProgra3\api\tramites\src\main\java\org\una\tramites\services\TransaccionServiceImplementation.java
C:\Users\cfugu\Desktop\ProyectoClase\ProyectoClaseProgra3\api\tramites\src\main\java\org\una\tramites\entities\Usuario.java
C:\Users\cfugu\Desktop\ProyectoClase\ProyectoClaseProgra3\api\tramites\src\main\java\org\una\tramites\controllers\NotaController.java
C:\Users\cfugu\Desktop\ProyectoClase\ProyectoClaseProgra3\api\tramites\src\main\java\org\una\tramites\entities\Requisito.java
C:\Users\cfugu\Desktop\ProyectoClase\ProyectoClaseProgra3\api\tramites\src\main\java\org\una\tramites\controllers\TransaccionController.java
C:\Users\cfugu\Desktop\ProyectoClase\ProyectoClaseProgra3\api\tramites\src\main\java\org\una\tramites\dto\PermisoOtorgadoDTO.java
C:\Users\cfugu\Desktop\ProyectoClase\ProyectoClaseProgra3\api\tramites\src\main\java\org\una\tramites\TramitesApplication.java
C:\Users\cfugu\Desktop\ProyectoClase\ProyectoClaseProgra3\api\tramites\src\main\java\org\una\tramites\entities\ParametroGeneral.java
C:\Users\cfugu\Desktop\ProyectoClase\ProyectoClaseProgra3\api\tramites\src\main\java\org\una\tramites\entities\Departamento.java
C:\Users\cfugu\Desktop\ProyectoClase\ProyectoClaseProgra3\api\tramites\src\main\java\org\una\tramites\controllers\ArchivoRelacionadoController.java
C:\Users\cfugu\Desktop\ProyectoClase\ProyectoClaseProgra3\api\tramites\src\main\java\org\una\tramites\controllers\PermisoOtorgadoController.java
C:\Users\cfugu\Desktop\ProyectoClase\ProyectoClaseProgra3\api\tramites\src\main\java\org\una\tramites\repositories\ITramiteCambioEstadoRepository.java
C:\Users\cfugu\Desktop\ProyectoClase\ProyectoClaseProgra3\api\tramites\src\main\java\org\una\tramites\services\ParametroGeneralServiceImplementation.java
C:\Users\cfugu\Desktop\ProyectoClase\ProyectoClaseProgra3\api\tramites\src\main\java\org\una\tramites\dto\TransaccionDTO.java
C:\Users\cfugu\Desktop\ProyectoClase\ProyectoClaseProgra3\api\tramites\src\main\java\org\una\tramites\services\VariacionServiceImplementation.java
C:\Users\cfugu\Desktop\ProyectoClase\ProyectoClaseProgra3\api\tramites\src\main\java\org\una\tramites\loaders\Permisos.java
C:\Users\cfugu\Desktop\ProyectoClase\ProyectoClaseProgra3\api\tramites\src\main\java\org\una\tramites\controllers\ClienteController.java
C:\Users\cfugu\Desktop\ProyectoClase\ProyectoClaseProgra3\api\tramites\src\main\java\org\una\tramites\jwt\JwtAuthenticationFilter.java
C:\Users\cfugu\Desktop\ProyectoClase\ProyectoClaseProgra3\api\tramites\src\main\java\org\una\tramites\repositories\IPermisoRepository.java
C:\Users\cfugu\Desktop\ProyectoClase\ProyectoClaseProgra3\api\tramites\src\main\java\org\una\tramites\dto\ArchivoRelacionadoDTO.java
C:\Users\cfugu\Desktop\ProyectoClase\ProyectoClaseProgra3\api\tramites\src\main\java\org\una\tramites\controllers\RequisitoPresentadoController.java
C:\Users\cfugu\Desktop\ProyectoClase\ProyectoClaseProgra3\api\tramites\src\main\java\org\una\tramites\dto\RequisitoDTO.java
C:\Users\cfugu\Desktop\ProyectoClase\ProyectoClaseProgra3\api\tramites\src\main\java\org\una\tramites\repositories\INotaRepository.java
C:\Users\cfugu\Desktop\ProyectoClase\ProyectoClaseProgra3\api\tramites\src\main\java\org\una\tramites\services\UsuarioServiceImplementation.java
C:\Users\cfugu\Desktop\ProyectoClase\ProyectoClaseProgra3\api\tramites\src\main\java\org\una\tramites\dto\TramiteRegistradoDTO.java
C:\Users\cfugu\Desktop\ProyectoClase\ProyectoClaseProgra3\api\tramites\src\main\java\org\una\tramites\repositories\IRequisitoPresentadoRepository.java
C:\Users\cfugu\Desktop\ProyectoClase\ProyectoClaseProgra3\api\tramites\src\main\java\org\una\tramites\controllers\UsuarioController.java
C:\Users\cfugu\Desktop\ProyectoClase\ProyectoClaseProgra3\api\tramites\src\main\java\org\una\tramites\repositories\IArchivoRelacionadoRepository.java
C:\Users\cfugu\Desktop\ProyectoClase\ProyectoClaseProgra3\api\tramites\src\main\java\org\una\tramites\services\ITramiteTipoService.java
C:\Users\cfugu\Desktop\ProyectoClase\ProyectoClaseProgra3\api\tramites\src\main\java\org\una\tramites\entities\Nota.java
C:\Users\cfugu\Desktop\ProyectoClase\ProyectoClaseProgra3\api\tramites\src\main\java\org\una\tramites\controllers\RequisitoController.java
C:\Users\cfugu\Desktop\ProyectoClase\ProyectoClaseProgra3\api\tramites\src\main\java\org\una\tramites\services\IRequisitoService.java
C:\Users\cfugu\Desktop\ProyectoClase\ProyectoClaseProgra3\api\tramites\src\main\java\org\una\tramites\dto\ClienteDTO.java
C:\Users\cfugu\Desktop\ProyectoClase\ProyectoClaseProgra3\api\tramites\src\main\java\org\una\tramites\services\ClienteServiceImplementation.java
C:\Users\cfugu\Desktop\ProyectoClase\ProyectoClaseProgra3\api\tramites\src\main\java\org\una\tramites\repositories\ITramiteRegistradoRepository.java
C:\Users\cfugu\Desktop\ProyectoClase\ProyectoClaseProgra3\api\tramites\src\main\java\org\una\tramites\entities\RequisitoPresentado.java
C:\Users\cfugu\Desktop\ProyectoClase\ProyectoClaseProgra3\api\tramites\src\main\java\org\una\tramites\repositories\IUsuarioRepository.java
C:\Users\cfugu\Desktop\ProyectoClase\ProyectoClaseProgra3\api\tramites\src\main\java\org\una\tramites\repositories\IParametroGeneralRepository.java
C:\Users\cfugu\Desktop\ProyectoClase\ProyectoClaseProgra3\api\tramites\src\main\java\org\una\tramites\services\IDepartamentoService.java
C:\Users\cfugu\Desktop\ProyectoClase\ProyectoClaseProgra3\api\tramites\src\main\java\org\una\tramites\controllers\AutenticacionLoginController.java
C:\Users\cfugu\Desktop\ProyectoClase\ProyectoClaseProgra3\api\tramites\src\main\java\org\una\tramites\controllers\ParametroGeneralController.java
C:\Users\cfugu\Desktop\ProyectoClase\ProyectoClaseProgra3\api\tramites\src\main\java\org\una\tramites\services\IRequisitoPresentadoService.java
C:\Users\cfugu\Desktop\ProyectoClase\ProyectoClaseProgra3\api\tramites\src\main\java\org\una\tramites\controllers\TramiteRegistradoController.java
C:\Users\cfugu\Desktop\ProyectoClase\ProyectoClaseProgra3\api\tramites\src\main\java\org\una\tramites\services\ArchivoRelacionadoServiceImplementation.java
C:\Users\cfugu\Desktop\ProyectoClase\ProyectoClaseProgra3\api\tramites\src\main\java\org\una\tramites\repositories\ITramiteTipoRepository.java
C:\Users\cfugu\Desktop\ProyectoClase\ProyectoClaseProgra3\api\tramites\src\main\java\org\una\tramites\controllers\VariacionController.java
C:\Users\cfugu\Desktop\ProyectoClase\ProyectoClaseProgra3\api\tramites\src\main\java\org\una\tramites\jwt\JwtProvider.java
C:\Users\cfugu\Desktop\ProyectoClase\ProyectoClaseProgra3\api\tramites\src\main\java\org\una\tramites\controllers\PermisoController.java
C:\Users\cfugu\Desktop\ProyectoClase\ProyectoClaseProgra3\api\tramites\src\main\java\org\una\tramites\repositories\ITransaccionRepository.java
C:\Users\cfugu\Desktop\ProyectoClase\ProyectoClaseProgra3\api\tramites\src\main\java\org\una\tramites\services\PermisoServiceImplementation.java
C:\Users\cfugu\Desktop\ProyectoClase\ProyectoClaseProgra3\api\tramites\src\main\java\org\una\tramites\controllers\DepartamentoController.java
C:\Users\cfugu\Desktop\ProyectoClase\ProyectoClaseProgra3\api\tramites\src\main\java\org\una\tramites\entities\TramiteRegistrado.java
C:\Users\cfugu\Desktop\ProyectoClase\ProyectoClaseProgra3\api\tramites\src\main\java\org\una\tramites\dto\AuthenticationRequest.java
C:\Users\cfugu\Desktop\ProyectoClase\ProyectoClaseProgra3\api\tramites\src\main\java\org\una\tramites\entities\Permiso.java
C:\Users\cfugu\Desktop\ProyectoClase\ProyectoClaseProgra3\api\tramites\src\main\java\org\una\tramites\dto\RequisitoPresentadoDTO.java
C:\Users\cfugu\Desktop\ProyectoClase\ProyectoClaseProgra3\api\tramites\src\main\java\org\una\tramites\services\AutenticacionLoginServiceImplementation.java
C:\Users\cfugu\Desktop\ProyectoClase\ProyectoClaseProgra3\api\tramites\src\main\java\org\una\tramites\repositories\IClienteRepository.java
C:\Users\cfugu\Desktop\ProyectoClase\ProyectoClaseProgra3\api\tramites\src\main\java\org\una\tramites\SecurityConfiguration.java
C:\Users\cfugu\Desktop\ProyectoClase\ProyectoClaseProgra3\api\tramites\src\main\java\org\una\tramites\services\IParametroGeneralService.java
C:\Users\cfugu\Desktop\ProyectoClase\ProyectoClaseProgra3\api\tramites\src\main\java\org\una\tramites\services\TramiteRegistradoServiceImplementation.java
C:\Users\cfugu\Desktop\ProyectoClase\ProyectoClaseProgra3\api\tramites\src\main\java\org\una\tramites\dto\UsuarioDTO.java
C:\Users\cfugu\Desktop\ProyectoClase\ProyectoClaseProgra3\api\tramites\src\main\java\org\una\tramites\services\ITramiteRegistradoService.java
C:\Users\cfugu\Desktop\ProyectoClase\ProyectoClaseProgra3\api\tramites\src\main\java\org\una\tramites\CustomAccessDeniedHandler.java
C:\Users\cfugu\Desktop\ProyectoClase\ProyectoClaseProgra3\api\tramites\src\main\java\org\una\tramites\entities\TramiteCambioEstado.java
C:\Users\cfugu\Desktop\ProyectoClase\ProyectoClaseProgra3\api\tramites\src\main\java\org\una\tramites\repositories\IDepartamentoRepository.java
C:\Users\cfugu\Desktop\ProyectoClase\ProyectoClaseProgra3\api\tramites\src\main\java\org\una\tramites\SwaggerConfiguration.java
C:\Users\cfugu\Desktop\ProyectoClase\ProyectoClaseProgra3\api\tramites\src\main\java\org\una\tramites\controllers\TramiteTipoController.java
C:\Users\cfugu\Desktop\ProyectoClase\ProyectoClaseProgra3\api\tramites\src\main\java\org\una\tramites\utils\MapperUtils.java
C:\Users\cfugu\Desktop\ProyectoClase\ProyectoClaseProgra3\api\tramites\src\main\java\org\una\tramites\dto\TramiteCambioEstadoDTO.java
C:\Users\cfugu\Desktop\ProyectoClase\ProyectoClaseProgra3\api\tramites\src\main\java\org\una\tramites\services\DepartamentoServiceImplementation.java
C:\Users\cfugu\Desktop\ProyectoClase\ProyectoClaseProgra3\api\tramites\src\main\java\org\una\tramites\services\RequisitoServiceImplementation.java
C:\Users\cfugu\Desktop\ProyectoClase\ProyectoClaseProgra3\api\tramites\src\main\java\org\una\tramites\dto\TramiteTipoDTO.java
